// Jest Snapshot v1, https://goo.gl/fbAQLP

exports[`VOverlay should mount component and match snapshot 1`] = `""`;
