// Jest Snapshot v1, https://goo.gl/fbAQLP

exports[`EInput should mount component and match snapshot 1`] = `
<div class="v-input">
  <div class="v-input__label">
    <label class="v-label v-label--on-input">
    </label>
  </div>
  <div class="v-input__text-field">
  </div>
  <div class="v-input__hints">
    <transition-stub name="fade"
                     mode
                     appear="false"
                     persisted="false"
                     css="true"
    >
    </transition-stub>
  </div>
</div>
`;
