// Jest Snapshot v1, https://goo.gl/fbAQLP

exports[`VLabel should mount component and match snapshot 1`] = `
<label class="v-label">
</label>
`;
