// Jest Snapshot v1, https://goo.gl/fbAQLP

exports[`VYears should mount component and match snapshot 1`] = `
<div class="v-date-picker-years">
  <transition-stub name
                   mode
                   appear="false"
                   persisted="false"
                   css="true"
  >
    <div class="v-date-picker-years__years">
      <div class="v-date-picker-years__row">
        <div class="v-date-picker-years__cell v-date-picker-years__cell--selected v-date-picker-years__cell--current-year">
          2023
        </div>
        <div class="v-date-picker-years__cell">
          2024
        </div>
        <div class="v-date-picker-years__cell">
          2025
        </div>
        <div class="v-date-picker-years__cell">
          2026
        </div>
      </div>
      <div class="v-date-picker-years__row">
        <div class="v-date-picker-years__cell">
          2027
        </div>
        <div class="v-date-picker-years__cell">
          2028
        </div>
        <div class="v-date-picker-years__cell">
          2029
        </div>
        <div class="v-date-picker-years__cell">
          2030
        </div>
      </div>
      <div class="v-date-picker-years__row">
        <div class="v-date-picker-years__cell">
          2031
        </div>
        <div class="v-date-picker-years__cell">
          2032
        </div>
        <div class="v-date-picker-years__cell">
          2033
        </div>
        <div class="v-date-picker-years__cell">
          2034
        </div>
      </div>
      <div class="v-date-picker-years__row">
        <div class="v-date-picker-years__cell">
          2035
        </div>
        <div class="v-date-picker-years__cell">
          2036
        </div>
        <div class="v-date-picker-years__cell">
          2037
        </div>
        <div class="v-date-picker-years__cell">
          2038
        </div>
      </div>
      <div class="v-date-picker-years__row">
        <div class="v-date-picker-years__cell">
          2039
        </div>
        <div class="v-date-picker-years__cell">
          2040
        </div>
        <div class="v-date-picker-years__cell">
          2041
        </div>
        <div class="v-date-picker-years__cell">
          2042
        </div>
      </div>
      <div class="v-date-picker-years__row">
      </div>
    </div>
  </transition-stub>
</div>
`;

exports[`VYears should set year prop and match snapshot 1`] = `
<div class="v-date-picker-years">
  <transition-stub name
                   mode
                   appear="false"
                   persisted="false"
                   css="true"
  >
    <div class="v-date-picker-years__years">
      <div class="v-date-picker-years__row">
        <div class="v-date-picker-years__cell">
          2003
        </div>
        <div class="v-date-picker-years__cell">
          2004
        </div>
        <div class="v-date-picker-years__cell">
          2005
        </div>
        <div class="v-date-picker-years__cell">
          2006
        </div>
      </div>
      <div class="v-date-picker-years__row">
        <div class="v-date-picker-years__cell">
          2007
        </div>
        <div class="v-date-picker-years__cell">
          2008
        </div>
        <div class="v-date-picker-years__cell">
          2009
        </div>
        <div class="v-date-picker-years__cell">
          2010
        </div>
      </div>
      <div class="v-date-picker-years__row">
        <div class="v-date-picker-years__cell">
          2011
        </div>
        <div class="v-date-picker-years__cell">
          2012
        </div>
        <div class="v-date-picker-years__cell">
          2013
        </div>
        <div class="v-date-picker-years__cell">
          2014
        </div>
      </div>
      <div class="v-date-picker-years__row">
        <div class="v-date-picker-years__cell">
          2015
        </div>
        <div class="v-date-picker-years__cell">
          2016
        </div>
        <div class="v-date-picker-years__cell">
          2017
        </div>
        <div class="v-date-picker-years__cell">
          2018
        </div>
      </div>
      <div class="v-date-picker-years__row">
        <div class="v-date-picker-years__cell">
          2019
        </div>
        <div class="v-date-picker-years__cell v-date-picker-years__cell--selected">
          2020
        </div>
        <div class="v-date-picker-years__cell">
          2021
        </div>
        <div class="v-date-picker-years__cell">
          2022
        </div>
      </div>
      <div class="v-date-picker-years__row">
      </div>
    </div>
  </transition-stub>
</div>
`;
