// Jest Snapshot v1, https://goo.gl/fbAQLP

exports[`VMain should mount component and match snapshot 1`] = `
<div class="v-main">
</div>
`;
