// Jest Snapshot v1, https://goo.gl/fbAQLP

exports[`VNavigation should mount component and match snapshot 1`] = `
<aside class="v-navigation v-navigation--base"
       style="width: 56px; max-height: calc(100vh - 0px);"
>
  <div class="v-navigation__content">
  </div>
</aside>
`;
