// Jest Snapshot v1, https://goo.gl/fbAQLP

exports[`VList should mount component and match snapshot 1`] = `
<div class="v-list"
     style="background-color: rgb(255, 255, 255); border-color: #ffffff;"
>
  <div class="v-list-item">
    first
  </div>
  <div class="v-list-item">
    second
  </div>
</div>
`;
