// Jest Snapshot v1, https://goo.gl/fbAQLP

exports[`VTextarea should mount component and match snapshot 1`] = `
<div class="0 1 2 3 4 5 6 7 8 9 v-input v-textarea"
     tag="textarea"
>
  <div class="v-input__label">
    <label class="v-label v-label--on-input">
    </label>
  </div>
  <div class="v-input__text-field">
    <div class="v-text-field">
      <input class="v-textarea"
             tag="textarea"
             type="text"
      >
    </div>
  </div>
  <div class="v-input__hints">
    <transition-stub name="fade"
                     mode
                     appear="false"
                     persisted="false"
                     css="true"
    >
    </transition-stub>
  </div>
</div>
`;
