// Jest Snapshot v1, https://goo.gl/fbAQLP

exports[`VForm should mount component and match snapshot 1`] = `
<span class="v-form">
</span>
`;
