// Jest Snapshot v1, https://goo.gl/fbAQLP

exports[`VMenu should mount component and match snapshot 1`] = `
<div class="v-menu">
</div>
<transition-stub>
</transition-stub>
`;
