// Jest Snapshot v1, https://goo.gl/fbAQLP

exports[`VAutocomplete should mount component and match snapshot 1`] = `
<div class="v-input primary--text">
  <div class="v-input__text-field">
  </div>
  <div class="v-input__hints">
    <transition-stub>
    </transition-stub>
  </div>
</div>
`;
